Archive member included to satisfy reference by file (symbol)

lib/orangescrt.a(printf.o)    kernel/main.o (printf)
lib/orangescrt.a(vsprintf.o)  kernel/main.o (vsprintf)
lib/orangescrt.a(string.o)    kernel/start.o (memcpy)
lib/orangescrt.a(misc.o)      kernel/main.o (send_recv)
lib/orangescrt.a(open.o)      kernel/main.o (open)
lib/orangescrt.a(read.o)      kernel/main.o (read)
lib/orangescrt.a(write.o)     kernel/main.o (write)
lib/orangescrt.a(close.o)     kernel/main.o (close)
lib/orangescrt.a(lseek.o)     kernel/main.o (lseek)
lib/orangescrt.a(getpid.o)    fs/disklog.o (getpid)
lib/orangescrt.a(stat.o)      mm/exec.o (stat)
lib/orangescrt.a(fork.o)      kernel/main.o (fork)
lib/orangescrt.a(wait.o)      kernel/main.o (wait)
lib/orangescrt.a(exec.o)      kernel/main.o (execv)
lib/orangescrt.a(syscall.o)   lib/orangescrt.a(misc.o) (sendrec)

分配公共符号
公共符号            大小              文件

idt_ptr             0x6               kernel/global.o
inode_table         0xb00             kernel/global.o
task_stack          0x24000           kernel/global.o
k_reenter           0x4               kernel/global.o
gdt                 0x400             kernel/global.o
current_console     0x4               kernel/global.o
pcaller             0x4               kernel/global.o
tty_table           0xc6c             kernel/global.o
tss                 0x68              kernel/global.o
fs_msg              0x30              kernel/global.o
memory_size         0x4               kernel/global.o
f_desc_table        0x400             kernel/global.o
root_inode          0x4               kernel/global.o
disp_pos            0x4               kernel/global.o
mm_msg              0x30              kernel/global.o
key_pressed         0x4               kernel/global.o
gdt_ptr             0x6               kernel/global.o
idt                 0x800             kernel/global.o
super_block         0x1e0             kernel/global.o
PARTITION_ENTRY     0x10              kernel/hd.o
ticks               0x4               kernel/global.o
console_table       0x3c              kernel/global.o
irq_table           0x40              kernel/global.o
p_proc_ready        0x4               kernel/global.o
proc_table          0x3af8            kernel/global.o

Discarded input sections

 .note.GNU-stack
                0x0000000000000000        0x0 kernel/start.o
 .note.GNU-stack
                0x0000000000000000        0x0 kernel/main.o
 .note.GNU-stack
                0x0000000000000000        0x0 kernel/clock.o
 .note.GNU-stack
                0x0000000000000000        0x0 kernel/keyboard.o
 .note.GNU-stack
                0x0000000000000000        0x0 kernel/tty.o
 .note.GNU-stack
                0x0000000000000000        0x0 kernel/console.o
 .note.GNU-stack
                0x0000000000000000        0x0 kernel/i8259.o
 .note.GNU-stack
                0x0000000000000000        0x0 kernel/global.o
 .note.GNU-stack
                0x0000000000000000        0x0 kernel/protect.o
 .note.GNU-stack
                0x0000000000000000        0x0 kernel/proc.o
 .note.GNU-stack
                0x0000000000000000        0x0 kernel/systask.o
 .note.GNU-stack
                0x0000000000000000        0x0 kernel/hd.o
 .note.GNU-stack
                0x0000000000000000        0x0 kernel/klib.o
 .note.GNU-stack
                0x0000000000000000        0x0 lib/syslog.o
 .note.GNU-stack
                0x0000000000000000        0x0 mm/main.o
 .note.GNU-stack
                0x0000000000000000        0x0 mm/forkexit.o
 .note.GNU-stack
                0x0000000000000000        0x0 mm/exec.o
 .note.GNU-stack
                0x0000000000000000        0x0 fs/main.o
 .note.GNU-stack
                0x0000000000000000        0x0 fs/open.o
 .note.GNU-stack
                0x0000000000000000        0x0 fs/misc.o
 .note.GNU-stack
                0x0000000000000000        0x0 fs/read_write.o
 .note.GNU-stack
                0x0000000000000000        0x0 fs/link.o
 .note.GNU-stack
                0x0000000000000000        0x0 fs/filelist.o
 .note.GNU-stack
                0x0000000000000000        0x0 fs/disklog.o
 .note.GNU-stack
                0x0000000000000000        0x0 lib/orangescrt.a(printf.o)
 .note.GNU-stack
                0x0000000000000000        0x0 lib/orangescrt.a(vsprintf.o)
 .note.GNU-stack
                0x0000000000000000        0x0 lib/orangescrt.a(misc.o)
 .note.GNU-stack
                0x0000000000000000        0x0 lib/orangescrt.a(open.o)
 .note.GNU-stack
                0x0000000000000000        0x0 lib/orangescrt.a(read.o)
 .note.GNU-stack
                0x0000000000000000        0x0 lib/orangescrt.a(write.o)
 .note.GNU-stack
                0x0000000000000000        0x0 lib/orangescrt.a(close.o)
 .note.GNU-stack
                0x0000000000000000        0x0 lib/orangescrt.a(lseek.o)
 .note.GNU-stack
                0x0000000000000000        0x0 lib/orangescrt.a(getpid.o)
 .note.GNU-stack
                0x0000000000000000        0x0 lib/orangescrt.a(stat.o)
 .note.GNU-stack
                0x0000000000000000        0x0 lib/orangescrt.a(fork.o)
 .note.GNU-stack
                0x0000000000000000        0x0 lib/orangescrt.a(wait.o)
 .note.GNU-stack
                0x0000000000000000        0x0 lib/orangescrt.a(exec.o)

内存配置

名称           来源             长度             属性
*default*        0x0000000000000000 0xffffffffffffffff

Linker script and memory map

段 .text 的地址设置为 0x1000
LOAD kernel/kernel.o
LOAD kernel/start.o
LOAD kernel/main.o
LOAD kernel/clock.o
LOAD kernel/keyboard.o
LOAD kernel/tty.o
LOAD kernel/console.o
LOAD kernel/i8259.o
LOAD kernel/global.o
LOAD kernel/protect.o
LOAD kernel/proc.o
LOAD kernel/systask.o
LOAD kernel/hd.o
LOAD kernel/kliba.o
LOAD kernel/klib.o
LOAD lib/syslog.o
LOAD mm/main.o
LOAD mm/forkexit.o
LOAD mm/exec.o
LOAD fs/main.o
LOAD fs/open.o
LOAD fs/misc.o
LOAD fs/read_write.o
LOAD fs/link.o
LOAD fs/filelist.o
LOAD fs/disklog.o
LOAD lib/orangescrt.a
                0x0000000008048000                PROVIDE (__executable_start, 0x8048000)
                0x0000000008048094                . = (0x8048000 + SIZEOF_HEADERS)

.interp
 *(.interp)

.note.gnu.build-id
 *(.note.gnu.build-id)

.hash
 *(.hash)

.gnu.hash
 *(.gnu.hash)

.dynsym
 *(.dynsym)

.dynstr
 *(.dynstr)

.gnu.version
 *(.gnu.version)

.gnu.version_d
 *(.gnu.version_d)

.gnu.version_r
 *(.gnu.version_r)

.rel.dyn        0x0000000008048094        0x0
 *(.rel.init)
 *(.rel.text .rel.text.* .rel.gnu.linkonce.t.*)
 .rel.text      0x0000000000000000        0x0 kernel/kernel.o
 *(.rel.fini)
 *(.rel.rodata .rel.rodata.* .rel.gnu.linkonce.r.*)
 *(.rel.data.rel.ro .rel.data.rel.ro.* .rel.gnu.linkonce.d.rel.ro.*)
 *(.rel.data .rel.data.* .rel.gnu.linkonce.d.*)
 .rel.data      0x0000000000000000        0x0 kernel/kernel.o
 *(.rel.tdata .rel.tdata.* .rel.gnu.linkonce.td.*)
 *(.rel.tbss .rel.tbss.* .rel.gnu.linkonce.tb.*)
 *(.rel.ctors)
 *(.rel.dtors)
 *(.rel.got)
 *(.rel.bss .rel.bss.* .rel.gnu.linkonce.b.*)
 *(.rel.ifunc)

.rel.plt        0x0000000008048094        0x0
 *(.rel.plt)
                0x0000000008048094                PROVIDE (__rel_iplt_start, .)
 *(.rel.iplt)
 .rel.iplt      0x0000000000000000        0x0 kernel/kernel.o
                0x0000000008048094                PROVIDE (__rel_iplt_end, .)

.init
 *(SORT(.init))

.plt            0x00000000080480a0        0x0
 *(.plt)
 *(.iplt)
 .iplt          0x0000000000000000        0x0 kernel/kernel.o

.text           0x0000000000001000     0xca38
 *(.text.unlikely .text.*_unlikely .text.unlikely.*)
 *(.text.exit .text.exit.*)
 *(.text.startup .text.startup.*)
 *(.text.hot .text.hot.*)
 *(.text .stub .text.* .gnu.linkonce.t.*)
 .text          0x0000000000001000      0x410 kernel/kernel.o
                0x0000000000001000                _start
                0x0000000000001040                hwint00
                0x0000000000001070                hwint01
                0x00000000000010a0                hwint02
                0x00000000000010d0                hwint03
                0x0000000000001100                hwint04
                0x0000000000001130                hwint05
                0x0000000000001160                hwint06
                0x0000000000001190                hwint07
                0x00000000000011c0                hwint08
                0x00000000000011f0                hwint09
                0x0000000000001220                hwint10
                0x0000000000001250                hwint11
                0x0000000000001280                hwint12
                0x00000000000012b0                hwint13
                0x00000000000012e0                hwint14
                0x0000000000001310                hwint15
                0x0000000000001334                divide_error
                0x000000000000133a                single_step_exception
                0x0000000000001340                nmi
                0x0000000000001346                breakpoint_exception
                0x000000000000134c                overflow
                0x0000000000001352                bounds_check
                0x0000000000001358                inval_opcode
                0x000000000000135e                copr_not_available
                0x0000000000001364                double_fault
                0x0000000000001368                copr_seg_overrun
                0x000000000000136e                inval_tss
                0x0000000000001372                segment_not_present
                0x0000000000001376                stack_exception
                0x000000000000137a                general_protection
                0x000000000000137e                page_fault
                0x0000000000001382                copr_error
                0x00000000000013cb                sys_call
                0x00000000000013eb                restart
 .text          0x0000000000001410       0x82 kernel/start.o
                0x0000000000001410                cstart
 .text          0x0000000000001492      0xa68 kernel/main.o
                0x0000000000001492                kernel_main
                0x000000000000185b                get_ticks
                0x0000000000001893                untar
                0x0000000000001b10                shabby_shell
                0x0000000000001d50                Init
                0x0000000000001e9b                TestA
                0x0000000000001ea0                TestB
                0x0000000000001ea5                TestC
                0x0000000000001eaa                panic
 .text          0x0000000000001efa      0x115 kernel/clock.o
                0x0000000000001efa                clock_handler
                0x0000000000001f72                milli_delay
                0x0000000000001fab                init_clock
 .text          0x000000000000200f      0x6cf kernel/keyboard.o
                0x000000000000200f                keyboard_handler
                0x0000000000002075                init_keyboard
                0x0000000000002124                keyboard_read
 .text          0x00000000000026de      0xa01 kernel/tty.o
                0x00000000000026de                task_tty
                0x0000000000002892                in_process
                0x0000000000002de6                sys_printx
                0x0000000000002f88                dump_tty_buf
 .text          0x00000000000030df      0x7e1 kernel/console.o
                0x00000000000030df                init_screen
                0x0000000000003250                out_char
                0x0000000000003546                is_current_console
                0x000000000000363b                select_console
                0x0000000000003676                scroll_screen
 .text          0x00000000000038c0      0x13c kernel/i8259.o
                0x00000000000038c0                init_8259A
                0x00000000000039b1                spurious_irq
                0x00000000000039dc                put_irq_handler
 .text          0x00000000000039fc        0x0 kernel/global.o
 .text          0x00000000000039fc      0x842 kernel/protect.o
                0x00000000000039fc                init_prot
                0x0000000000004056                seg2linear
                0x00000000000040a5                init_desc
                0x0000000000004111                exception_handler
 .text          0x000000000000423e     0x18aa kernel/proc.o
                0x000000000000423e                schedule
                0x00000000000042c9                sys_sendrec
                0x0000000000004428                ldt_seg_linear
                0x0000000000004472                va2la
                0x00000000000044e1                reset_msg
                0x00000000000054a8                inform_int
                0x000000000000563e                dump_proc
                0x00000000000059a1                dump_msg
 .text          0x0000000000005ae8      0x2cf kernel/systask.o
                0x0000000000005ae8                task_sys
 .text          0x0000000000005db7      0xc17 kernel/hd.o
                0x0000000000005db7                task_hd
                0x00000000000069a9                hd_handler
 *fill*         0x00000000000069ce        0x2 
 .text          0x00000000000069d0      0x19a kernel/kliba.o
                0x00000000000069d0                disp_str
                0x0000000000006a0e                disp_color_str
                0x0000000000006a4d                out_byte
                0x0000000000006a59                in_byte
                0x0000000000006a63                port_read
                0x0000000000006a76                port_write
                0x0000000000006a89                disable_irq
                0x0000000000006abe                enable_irq
                0x0000000000006add                disable_int
                0x0000000000006adf                enable_int
                0x0000000000006ae1                glitter
 .text          0x0000000000006b6a      0x2d2 kernel/klib.o
                0x0000000000006b6a                get_boot_params
                0x0000000000006c0a                get_kernel_map
                0x0000000000006d26                itoa
                0x0000000000006dd1                disp_int
                0x0000000000006df6                delay
 .text          0x0000000000006e3c       0x75 lib/syslog.o
                0x0000000000006e3c                syslog
 .text          0x0000000000006eb1      0x1d9 mm/main.o
                0x0000000000006eb1                task_mm
                0x0000000000006ff7                alloc_mem
                0x0000000000007080                free_mem
 .text          0x000000000000708a      0x620 mm/forkexit.o
                0x000000000000708a                do_fork
                0x0000000000007426                do_exit
                0x00000000000075f1                do_wait
 .text          0x00000000000076aa      0x392 mm/exec.o
                0x00000000000076aa                do_exec
 .text          0x0000000000007a3c     0x12d0 fs/main.o
                0x0000000000007a3c                task_fs
                0x00000000000086aa                rw_sector
                0x00000000000088e4                get_super_block
                0x000000000000892a                get_inode
                0x0000000000008a98                put_inode
                0x0000000000008add                sync_inode
 .text          0x0000000000008d0c      0xc49 fs/open.o
                0x0000000000008d0c                do_open
                0x0000000000009287                do_close
                0x00000000000092fe                do_lseek
 .text          0x0000000000009955      0x3f6 fs/misc.o
                0x0000000000009955                do_stat
                0x0000000000009b46                search_file
                0x0000000000009cbf                strip_path
 .text          0x0000000000009d4b      0x522 fs/read_write.o
                0x0000000000009d4b                do_rdwt
 .text          0x000000000000a26d      0x8f6 fs/link.o
                0x000000000000a26d                do_unlink
 .text          0x000000000000ab63      0x12f fs/filelist.o
                0x000000000000ab63                do_filelist
 .text          0x000000000000ac92     0x2142 fs/disklog.o
                0x000000000000ac92                disklog
                0x000000000000b2d8                dump_fd_graph
 .text          0x000000000000cdd4       0xc0 lib/orangescrt.a(printf.o)
                0x000000000000cdd4                printf
                0x000000000000ce53                printl
 .text          0x000000000000ce94      0x318 lib/orangescrt.a(vsprintf.o)
                0x000000000000cef7                vsprintf
                0x000000000000d182                sprintf
 *fill*         0x000000000000d1ac        0x4 
 .text          0x000000000000d1b0       0x78 lib/orangescrt.a(string.o)
                0x000000000000d1b0                memcpy
                0x000000000000d1d9                memset
                0x000000000000d1fa                strcpy
                0x000000000000d212                strlen
 .text          0x000000000000d228      0x288 lib/orangescrt.a(misc.o)
                0x000000000000d228                send_recv
                0x000000000000d308                memcmp
                0x000000000000d37e                strcmp
                0x000000000000d3f0                strcat
                0x000000000000d44f                spin
                0x000000000000d46a                assertion_failure
 .text          0x000000000000d4b0       0x73 lib/orangescrt.a(open.o)
                0x000000000000d4b0                open
 .text          0x000000000000d523       0x3f lib/orangescrt.a(read.o)
                0x000000000000d523                read
 .text          0x000000000000d562       0x3f lib/orangescrt.a(write.o)
                0x000000000000d562                write
 .text          0x000000000000d5a1       0x33 lib/orangescrt.a(close.o)
                0x000000000000d5a1                close
 .text          0x000000000000d5d4       0x3f lib/orangescrt.a(lseek.o)
                0x000000000000d5d4                lseek
 .text          0x000000000000d613       0x59 lib/orangescrt.a(getpid.o)
                0x000000000000d613                getpid
 .text          0x000000000000d66c       0x73 lib/orangescrt.a(stat.o)
                0x000000000000d66c                stat
 .text          0x000000000000d6df       0x84 lib/orangescrt.a(fork.o)
                0x000000000000d6df                fork
 .text          0x000000000000d763       0x44 lib/orangescrt.a(wait.o)
                0x000000000000d763                wait
 .text          0x000000000000d7a7      0x263 lib/orangescrt.a(exec.o)
                0x000000000000d7a7                exec
                0x000000000000d822                execl
                0x000000000000d848                execv
 *fill*         0x000000000000da0a        0x6 
 .text          0x000000000000da10       0x28 lib/orangescrt.a(syscall.o)
                0x000000000000da10                sendrec
                0x000000000000da2a                printx
 *(.gnu.warning)

.fini
 *(SORT(.fini))
                0x000000000000da38                PROVIDE (__etext, .)
                0x000000000000da38                PROVIDE (_etext, .)
                0x000000000000da38                PROVIDE (etext, .)

.rodata         0x000000000000da40     0x2773
 *(.rodata .rodata.* .gnu.linkonce.r.*)
 .rodata        0x000000000000da40       0x11 kernel/start.o
 *fill*         0x000000000000da51        0x3 
 .rodata        0x000000000000da54      0x3b0 kernel/main.o
 .rodata        0x000000000000de04       0x64 kernel/keyboard.o
 .rodata        0x000000000000de68      0x13c kernel/tty.o
 .rodata        0x000000000000dfa4       0x5b kernel/console.o
 .rodata        0x000000000000dfff       0x11 kernel/i8259.o
 .rodata        0x000000000000e010       0x10 kernel/global.o
                0x000000000000e010                FSBUF_SIZE
                0x000000000000e014                MMBUF_SIZE
                0x000000000000e018                LOGBUF_SIZE
                0x000000000000e01c                LOGDISKBUF_SIZE
 .rodata        0x000000000000e020      0x580 kernel/protect.o
 .rodata        0x000000000000e5a0      0x5da kernel/proc.o
 .rodata        0x000000000000eb7a       0x11 kernel/systask.o
 *fill*         0x000000000000eb8b        0x1 
 .rodata        0x000000000000eb8c      0x108 kernel/hd.o
 .rodata        0x000000000000ec94       0x6a kernel/klib.o
 .rodata        0x000000000000ecfe       0x1e lib/syslog.o
 .rodata        0x000000000000ed1c       0xb1 mm/main.o
 *fill*         0x000000000000edcd        0x3 
 .rodata        0x000000000000edd0       0xe7 mm/forkexit.o
 *fill*         0x000000000000eeb7        0x1 
 .rodata        0x000000000000eeb8       0xa4 mm/exec.o
 .rodata        0x000000000000ef5c      0x2e2 fs/main.o
 *fill*         0x000000000000f23e        0x2 
 .rodata        0x000000000000f240      0x1c8 fs/open.o
 .rodata        0x000000000000f408       0x60 fs/misc.o
 .rodata        0x000000000000f468      0x164 fs/read_write.o
 .rodata        0x000000000000f5cc      0x1ad fs/link.o
 .rodata        0x000000000000f779       0x49 fs/filelist.o
 *fill*         0x000000000000f7c2        0x2 
 .rodata        0x000000000000f7c4      0x806 fs/disklog.o
 .rodata        0x000000000000ffca       0x14 lib/orangescrt.a(printf.o)
 *fill*         0x000000000000ffde        0x2 
 .rodata        0x000000000000ffe0       0xad lib/orangescrt.a(misc.o)
 .rodata        0x000000000001008d       0x23 lib/orangescrt.a(open.o)
 .rodata        0x00000000000100b0       0x25 lib/orangescrt.a(getpid.o)
 .rodata        0x00000000000100d5       0x23 lib/orangescrt.a(stat.o)
 .rodata        0x00000000000100f8       0x33 lib/orangescrt.a(fork.o)
 *fill*         0x000000000001012b        0x1 
 .rodata        0x000000000001012c       0x87 lib/orangescrt.a(exec.o)

.rodata1
 *(.rodata1)

.eh_frame_hdr
 *(.eh_frame_hdr)

.eh_frame       0x00000000000101b4     0x12d0
 *(.eh_frame)
 .eh_frame      0x00000000000101b4       0x38 kernel/start.o
 .eh_frame      0x00000000000101ec      0x108 kernel/main.o
                                        0x120 (size before relaxing)
 .eh_frame      0x00000000000102f4       0x60 kernel/clock.o
                                         0x78 (size before relaxing)
 .eh_frame      0x0000000000010354       0xe0 kernel/keyboard.o
                                         0xf8 (size before relaxing)
 .eh_frame      0x0000000000010434      0x13c kernel/tty.o
                                        0x154 (size before relaxing)
 .eh_frame      0x0000000000010570      0x148 kernel/console.o
                                        0x160 (size before relaxing)
 .eh_frame      0x00000000000106b8       0x60 kernel/i8259.o
                                         0x78 (size before relaxing)
 .eh_frame      0x0000000000010718       0xb0 kernel/protect.o
                                         0xc8 (size before relaxing)
 .eh_frame      0x00000000000107c8      0x1c0 kernel/proc.o
                                        0x1d8 (size before relaxing)
 .eh_frame      0x0000000000010988       0x5c kernel/systask.o
                                         0x74 (size before relaxing)
 .eh_frame      0x00000000000109e4      0x1d8 kernel/hd.o
                                        0x1f0 (size before relaxing)
 .eh_frame      0x0000000000010bbc       0xa0 kernel/klib.o
                                         0xb8 (size before relaxing)
 .eh_frame      0x0000000000010c5c       0x20 lib/syslog.o
                                         0x38 (size before relaxing)
 .eh_frame      0x0000000000010c7c       0x7c mm/main.o
                                         0x94 (size before relaxing)
 .eh_frame      0x0000000000010cf8       0x90 mm/forkexit.o
                                         0xa8 (size before relaxing)
 .eh_frame      0x0000000000010d88       0x2c mm/exec.o
                                         0x44 (size before relaxing)
 .eh_frame      0x0000000000010db4      0x174 fs/main.o
                                        0x18c (size before relaxing)
 .eh_frame      0x0000000000010f28      0x128 fs/open.o
                                        0x140 (size before relaxing)
 .eh_frame      0x0000000000011050       0x70 fs/misc.o
                                         0x88 (size before relaxing)
 .eh_frame      0x00000000000110c0       0x2c fs/read_write.o
                                         0x44 (size before relaxing)
 .eh_frame      0x00000000000110ec       0x2c fs/link.o
                                         0x44 (size before relaxing)
 .eh_frame      0x0000000000011118       0x28 fs/filelist.o
                                         0x40 (size before relaxing)
 .eh_frame      0x0000000000011140       0x60 fs/disklog.o
                                         0x78 (size before relaxing)
 .eh_frame      0x00000000000111a0       0x40 lib/orangescrt.a(printf.o)
                                         0x58 (size before relaxing)
 .eh_frame      0x00000000000111e0       0x68 lib/orangescrt.a(vsprintf.o)
                                         0x80 (size before relaxing)
 .eh_frame      0x0000000000011248       0xbc lib/orangescrt.a(misc.o)
                                         0xd4 (size before relaxing)
 .eh_frame      0x0000000000011304       0x20 lib/orangescrt.a(open.o)
                                         0x38 (size before relaxing)
 .eh_frame      0x0000000000011324       0x20 lib/orangescrt.a(read.o)
                                         0x38 (size before relaxing)
 .eh_frame      0x0000000000011344       0x20 lib/orangescrt.a(write.o)
                                         0x38 (size before relaxing)
 .eh_frame      0x0000000000011364       0x20 lib/orangescrt.a(close.o)
                                         0x38 (size before relaxing)
 .eh_frame      0x0000000000011384       0x20 lib/orangescrt.a(lseek.o)
                                         0x38 (size before relaxing)
 .eh_frame      0x00000000000113a4       0x20 lib/orangescrt.a(getpid.o)
                                         0x38 (size before relaxing)
 .eh_frame      0x00000000000113c4       0x20 lib/orangescrt.a(stat.o)
                                         0x38 (size before relaxing)
 .eh_frame      0x00000000000113e4       0x20 lib/orangescrt.a(fork.o)
                                         0x38 (size before relaxing)
 .eh_frame      0x0000000000011404       0x20 lib/orangescrt.a(wait.o)
                                         0x38 (size before relaxing)
 .eh_frame      0x0000000000011424       0x60 lib/orangescrt.a(exec.o)
                                         0x78 (size before relaxing)

.gcc_except_table
 *(.gcc_except_table .gcc_except_table.*)

.exception_ranges
 *(.exception_ranges .exception_ranges*)
                0x0000000000011484                . = (ALIGN (0x1000) - ((0x1000 - .) & 0xfff))
                0x0000000000012000                . = DATA_SEGMENT_ALIGN (0x1000, 0x1000)

.eh_frame
 *(.eh_frame)

.gcc_except_table
 *(.gcc_except_table .gcc_except_table.*)

.exception_ranges
 *(.exception_ranges .exception_ranges*)

.tdata
 *(.tdata .tdata.* .gnu.linkonce.td.*)

.tbss
 *(.tbss .tbss.* .gnu.linkonce.tb.*)
 *(.tcommon)

.preinit_array  0x0000000000012000        0x0
                0x0000000000012000                PROVIDE (__preinit_array_start, .)
 *(.preinit_array)
                0x0000000000012000                PROVIDE (__preinit_array_end, .)

.init_array     0x0000000000012000        0x0
                0x0000000000012000                PROVIDE (__init_array_start, .)
 *(SORT(.init_array.*) SORT(.ctors.*))
 *(.init_array EXCLUDE_FILE(*crtend?.o *crtend.o *crtbegin?.o *crtbegin.o) .ctors)
                0x0000000000012000                PROVIDE (__init_array_end, .)

.fini_array     0x0000000000012000        0x0
                0x0000000000012000                PROVIDE (__fini_array_start, .)
 *(SORT(.fini_array.*) SORT(.dtors.*))
 *(.fini_array EXCLUDE_FILE(*crtend?.o *crtend.o *crtbegin?.o *crtbegin.o) .dtors)
                0x0000000000012000                PROVIDE (__fini_array_end, .)

.ctors
 *crtbegin.o(.ctors)
 *crtbegin?.o(.ctors)
 *(EXCLUDE_FILE(*crtend?.o *crtend.o) .ctors)
 *(SORT(.ctors.*))
 *(.ctors)

.dtors
 *crtbegin.o(.dtors)
 *crtbegin?.o(.dtors)
 *(EXCLUDE_FILE(*crtend?.o *crtend.o) .dtors)
 *(SORT(.dtors.*))
 *(.dtors)

.jcr
 *(.jcr)

.data.rel.ro
 *(.data.rel.ro.local* .gnu.linkonce.d.rel.ro.local.*)
 *(.data.rel.ro .data.rel.ro.* .gnu.linkonce.d.rel.ro.*)

.dynamic
 *(.dynamic)

.got
 *(.got)
 *(.igot)
                0x0000000000012000                . = DATA_SEGMENT_RELRO_END (., (SIZEOF (.got.plt) >= 0xc)?0xc:0x0)

.got.plt        0x0000000000012000        0x0
 *(.got.plt)
 *(.igot.plt)
 .igot.plt      0x0000000000000000        0x0 kernel/kernel.o

.data           0x0000000000012000      0x814
 *(.data .data.* .gnu.linkonce.d.*)
 .data          0x0000000000012000        0x2 kernel/kernel.o
 .data          0x0000000000012002        0x0 kernel/start.o
 .data          0x0000000000012002        0x0 kernel/main.o
 .data          0x0000000000012002        0x0 kernel/clock.o
 *fill*         0x0000000000012002       0x1e 
 .data          0x0000000000012020      0x600 kernel/keyboard.o
                0x0000000000012020                keymap
 .data          0x0000000000012620       0x22 kernel/tty.o
 .data          0x0000000000012642        0x0 kernel/console.o
 .data          0x0000000000012642        0x0 kernel/i8259.o
 *fill*         0x0000000000012642       0x1e 
 .data          0x0000000000012660      0x1b4 kernel/global.o
                0x0000000000012660                task_table
                0x0000000000012740                user_proc_table
                0x00000000000127e0                sys_call_table
                0x00000000000127ec                dd_map
                0x0000000000012804                fsbuf
                0x0000000000012808                mmbuf
                0x000000000001280c                logbuf
                0x0000000000012810                logdiskbuf
 .data          0x0000000000012814        0x0 kernel/protect.o
 .data          0x0000000000012814        0x0 kernel/proc.o
 .data          0x0000000000012814        0x0 kernel/systask.o
 .data          0x0000000000012814        0x0 kernel/hd.o
 .data          0x0000000000012814        0x0 kernel/klib.o
 .data          0x0000000000012814        0x0 lib/syslog.o
 .data          0x0000000000012814        0x0 mm/main.o
 .data          0x0000000000012814        0x0 mm/forkexit.o
 .data          0x0000000000012814        0x0 mm/exec.o
 .data          0x0000000000012814        0x0 fs/main.o
 .data          0x0000000000012814        0x0 fs/open.o
 .data          0x0000000000012814        0x0 fs/misc.o
 .data          0x0000000000012814        0x0 fs/read_write.o
 .data          0x0000000000012814        0x0 fs/link.o
 .data          0x0000000000012814        0x0 fs/filelist.o
 .data          0x0000000000012814        0x0 fs/disklog.o
 .data          0x0000000000012814        0x0 lib/orangescrt.a(printf.o)
 .data          0x0000000000012814        0x0 lib/orangescrt.a(vsprintf.o)
 .data          0x0000000000012814        0x0 lib/orangescrt.a(misc.o)
 .data          0x0000000000012814        0x0 lib/orangescrt.a(open.o)
 .data          0x0000000000012814        0x0 lib/orangescrt.a(read.o)
 .data          0x0000000000012814        0x0 lib/orangescrt.a(write.o)
 .data          0x0000000000012814        0x0 lib/orangescrt.a(close.o)
 .data          0x0000000000012814        0x0 lib/orangescrt.a(lseek.o)
 .data          0x0000000000012814        0x0 lib/orangescrt.a(getpid.o)
 .data          0x0000000000012814        0x0 lib/orangescrt.a(stat.o)
 .data          0x0000000000012814        0x0 lib/orangescrt.a(fork.o)
 .data          0x0000000000012814        0x0 lib/orangescrt.a(wait.o)
 .data          0x0000000000012814        0x0 lib/orangescrt.a(exec.o)

.data1
 *(.data1)
                0x0000000000012814                _edata = .
                0x0000000000012814                PROVIDE (edata, .)
                0x0000000000012814                . = .
                0x0000000000012814                __bss_start = .

.bss            0x0000000000012820    0x2b788
 *(.dynbss)
 *(.bss .bss.* .gnu.linkonce.b.*)
 .bss           0x0000000000012820      0x800 kernel/kernel.o
 .bss           0x0000000000013020        0x0 kernel/start.o
 .bss           0x0000000000013020        0x0 kernel/main.o
 .bss           0x0000000000013020        0x0 kernel/clock.o
 .bss           0x0000000000013020       0x58 kernel/keyboard.o
 .bss           0x0000000000013078        0x0 kernel/tty.o
 .bss           0x0000000000013078        0x0 kernel/console.o
 .bss           0x0000000000013078        0x0 kernel/i8259.o
 .bss           0x0000000000013078        0x0 kernel/global.o
 .bss           0x0000000000013078        0x0 kernel/protect.o
 .bss           0x0000000000013078        0x0 kernel/proc.o
 .bss           0x0000000000013078        0x0 kernel/systask.o
 *fill*         0x0000000000013078        0x8 
 .bss           0x0000000000013080      0x64c kernel/hd.o
 .bss           0x00000000000136cc        0x0 kernel/klib.o
 .bss           0x00000000000136cc        0x0 lib/syslog.o
 .bss           0x00000000000136cc        0x0 mm/main.o
 .bss           0x00000000000136cc        0x0 mm/forkexit.o
 .bss           0x00000000000136cc        0x0 mm/exec.o
 .bss           0x00000000000136cc        0x0 fs/main.o
 .bss           0x00000000000136cc        0x0 fs/open.o
 .bss           0x00000000000136cc        0x0 fs/misc.o
 .bss           0x00000000000136cc        0x0 fs/read_write.o
 .bss           0x00000000000136cc        0x0 fs/link.o
 .bss           0x00000000000136cc        0x0 fs/filelist.o
 *fill*         0x00000000000136cc       0x14 
 .bss           0x00000000000136e0      0x208 fs/disklog.o
 .bss           0x00000000000138e8        0x0 lib/orangescrt.a(printf.o)
 .bss           0x00000000000138e8        0x0 lib/orangescrt.a(vsprintf.o)
 .bss           0x00000000000138e8        0x0 lib/orangescrt.a(misc.o)
 .bss           0x00000000000138e8        0x0 lib/orangescrt.a(open.o)
 .bss           0x00000000000138e8        0x0 lib/orangescrt.a(read.o)
 .bss           0x00000000000138e8        0x0 lib/orangescrt.a(write.o)
 .bss           0x00000000000138e8        0x0 lib/orangescrt.a(close.o)
 .bss           0x00000000000138e8        0x0 lib/orangescrt.a(lseek.o)
 .bss           0x00000000000138e8        0x0 lib/orangescrt.a(getpid.o)
 .bss           0x00000000000138e8        0x0 lib/orangescrt.a(stat.o)
 .bss           0x00000000000138e8        0x0 lib/orangescrt.a(fork.o)
 .bss           0x00000000000138e8        0x0 lib/orangescrt.a(wait.o)
 .bss           0x00000000000138e8        0x0 lib/orangescrt.a(exec.o)
 *(COMMON)
 *fill*         0x00000000000138e8       0x18 
 COMMON         0x0000000000013900    0x2a698 kernel/global.o
                0x0000000000013900                idt_ptr
                0x0000000000013920                inode_table
                0x0000000000014420                task_stack
                0x0000000000038420                k_reenter
                0x0000000000038440                gdt
                0x0000000000038840                current_console
                0x0000000000038844                pcaller
                0x0000000000038860                tty_table
                0x00000000000394e0                tss
                0x0000000000039560                fs_msg
                0x0000000000039590                memory_size
                0x00000000000395a0                f_desc_table
                0x00000000000399a0                root_inode
                0x00000000000399a4                disp_pos
                0x00000000000399c0                mm_msg
                0x00000000000399f0                key_pressed
                0x00000000000399f4                gdt_ptr
                0x0000000000039a00                idt
                0x000000000003a200                super_block
                0x000000000003a3e0                ticks
                0x000000000003a400                console_table
                0x000000000003a440                irq_table
                0x000000000003a480                p_proc_ready
                0x000000000003a4a0                proc_table
 COMMON         0x000000000003df98       0x10 kernel/hd.o
                0x000000000003df98                PARTITION_ENTRY
                0x000000000003dfa8                . = ALIGN ((. != 0x0)?0x4:0x1)
                0x000000000003dfa8                . = ALIGN (0x4)
                0x000000000003dfa8                . = SEGMENT_START ("ldata-segment", .)
                0x000000000003dfa8                . = ALIGN (0x4)
                0x000000000003dfa8                _end = .
                0x000000000003dfa8                PROVIDE (end, .)
                0x000000000003dfa8                . = DATA_SEGMENT_END (.)

.stab
 *(.stab)

.stabstr
 *(.stabstr)

.stab.excl
 *(.stab.excl)

.stab.exclstr
 *(.stab.exclstr)

.stab.index
 *(.stab.index)

.stab.indexstr
 *(.stab.indexstr)

.comment        0x0000000000000000       0x29
 *(.comment)
 .comment       0x0000000000000000       0x29 kernel/start.o
                                         0x2a (size before relaxing)
 .comment       0x0000000000000000       0x2a kernel/main.o
 .comment       0x0000000000000000       0x2a kernel/clock.o
 .comment       0x0000000000000000       0x2a kernel/keyboard.o
 .comment       0x0000000000000000       0x2a kernel/tty.o
 .comment       0x0000000000000000       0x2a kernel/console.o
 .comment       0x0000000000000000       0x2a kernel/i8259.o
 .comment       0x0000000000000000       0x2a kernel/global.o
 .comment       0x0000000000000000       0x2a kernel/protect.o
 .comment       0x0000000000000000       0x2a kernel/proc.o
 .comment       0x0000000000000000       0x2a kernel/systask.o
 .comment       0x0000000000000000       0x2a kernel/hd.o
 .comment       0x0000000000000000       0x2a kernel/klib.o
 .comment       0x0000000000000000       0x2a lib/syslog.o
 .comment       0x0000000000000000       0x2a mm/main.o
 .comment       0x0000000000000000       0x2a mm/forkexit.o
 .comment       0x0000000000000000       0x2a mm/exec.o
 .comment       0x0000000000000000       0x2a fs/main.o
 .comment       0x0000000000000000       0x2a fs/open.o
 .comment       0x0000000000000000       0x2a fs/misc.o
 .comment       0x0000000000000000       0x2a fs/read_write.o
 .comment       0x0000000000000000       0x2a fs/link.o
 .comment       0x0000000000000000       0x2a fs/filelist.o
 .comment       0x0000000000000000       0x2a fs/disklog.o
 .comment       0x0000000000000000       0x2a lib/orangescrt.a(printf.o)
 .comment       0x0000000000000000       0x2a lib/orangescrt.a(vsprintf.o)
 .comment       0x0000000000000000       0x2a lib/orangescrt.a(misc.o)
 .comment       0x0000000000000000       0x2a lib/orangescrt.a(open.o)
 .comment       0x0000000000000000       0x2a lib/orangescrt.a(read.o)
 .comment       0x0000000000000000       0x2a lib/orangescrt.a(write.o)
 .comment       0x0000000000000000       0x2a lib/orangescrt.a(close.o)
 .comment       0x0000000000000000       0x2a lib/orangescrt.a(lseek.o)
 .comment       0x0000000000000000       0x2a lib/orangescrt.a(getpid.o)
 .comment       0x0000000000000000       0x2a lib/orangescrt.a(stat.o)
 .comment       0x0000000000000000       0x2a lib/orangescrt.a(fork.o)
 .comment       0x0000000000000000       0x2a lib/orangescrt.a(wait.o)
 .comment       0x0000000000000000       0x2a lib/orangescrt.a(exec.o)

.debug
 *(.debug)

.line
 *(.line)

.debug_srcinfo
 *(.debug_srcinfo)

.debug_sfnames
 *(.debug_sfnames)

.debug_aranges
 *(.debug_aranges)

.debug_pubnames
 *(.debug_pubnames)

.debug_info
 *(.debug_info .gnu.linkonce.wi.*)

.debug_abbrev
 *(.debug_abbrev)

.debug_line
 *(.debug_line .debug_line.* .debug_line_end)

.debug_frame
 *(.debug_frame)

.debug_str
 *(.debug_str)

.debug_loc
 *(.debug_loc)

.debug_macinfo
 *(.debug_macinfo)

.debug_weaknames
 *(.debug_weaknames)

.debug_funcnames
 *(.debug_funcnames)

.debug_typenames
 *(.debug_typenames)

.debug_varnames
 *(.debug_varnames)

.debug_pubtypes
 *(.debug_pubtypes)

.debug_ranges
 *(.debug_ranges)

.debug_macro
 *(.debug_macro)

.gnu.attributes
 *(.gnu.attributes)

/DISCARD/
 *(.note.GNU-stack)
 *(.gnu_debuglink)
 *(.gnu.lto_*)
OUTPUT(kernel.bin elf32-i386)
